// Vitest Snapshot v1, https://vitest.dev/guide/snapshot.html

exports[`Profile > renders the profile > profile 1`] = `
<div
  data-testid="appContainer"
>
  <h2
    class="MuiTypography-root MuiTypography-h3 MuiTypography-gutterBottom css-10p8o4e-MuiTypography-root"
  >
    Профиль
  </h2>
  <div
    class="MuiStack-root css-1on8rii-MuiStack-root"
  >
    <div
      class="MuiStack-root css-wqgdpk-MuiStack-root"
    >
      <div
        class="MuiAvatar-root MuiAvatar-circular MuiAvatar-colorDefault css-7e98t4-MuiAvatar-root"
        color="primary"
      />
    </div>
    <form
      class="MuiStack-root css-ox3dtq-MuiStack-root"
      role="form"
    >
      <fieldset
        class="MuiStack-root css-106nt1m-MuiStack-root"
      >
        <legend
          class="MuiTypography-root MuiTypography-h5 MuiTypography-gutterBottom css-xgouly-MuiTypography-root"
        >
          <div
            class="MuiStack-root css-13tplj0-MuiStack-root"
          >
            Персональные данные
          </div>
        </legend>
        <fieldset
          class="MuiStack-root css-1javh08-MuiStack-root"
        >
          <div
            class="MuiFormControl-root css-k8zdik-MuiFormControl-root"
          >
            <label
              class="MuiFormLabel-root MuiFormLabel-colorPrimary css-1xtmzjf-MuiFormLabel-root"
            >
              Фамилия
            </label>
            <div
              class="MuiBox-root css-eal7pa"
            >
              <div
                class="MuiBox-root css-0"
                data-mui-internal-clone-element="true"
              >
                <div
                  class="MuiFormControl-root MuiFormControl-fullWidth MuiTextField-root css-igw2tk-MuiFormControl-root-MuiTextField-root"
                >
                  <div
                    class="MuiInputBase-root MuiOutlinedInput-root MuiInputBase-colorPrimary MuiInputBase-fullWidth MuiInputBase-formControl css-19kxmhd-MuiInputBase-root-MuiOutlinedInput-root"
                  >
                    <input
                      aria-invalid="false"
                      aria-readonly="false"
                      autocomplete="off"
                      class="MuiInputBase-input MuiOutlinedInput-input css-1thzzby-MuiInputBase-input-MuiOutlinedInput-input"
                      id=":r1:"
                      type="text"
                      value=""
                    />
                    <fieldset
                      aria-hidden="true"
                      class="MuiOutlinedInput-notchedOutline css-1d3z3hw-MuiOutlinedInput-notchedOutline"
                    >
                      <legend
                        class="css-ihdtdm"
                      >
                        <span
                          class="notranslate"
                        >
                          ​
                        </span>
                      </legend>
                    </fieldset>
                  </div>
                </div>
              </div>
            </div>
          </div>
          <div
            class="MuiFormControl-root css-k8zdik-MuiFormControl-root"
          >
            <label
              class="MuiFormLabel-root MuiFormLabel-colorPrimary css-1xtmzjf-MuiFormLabel-root"
            >
              Имя
            </label>
            <div
              class="MuiBox-root css-eal7pa"
            >
              <div
                class="MuiBox-root css-0"
                data-mui-internal-clone-element="true"
              >
                <div
                  class="MuiFormControl-root MuiFormControl-fullWidth MuiTextField-root css-igw2tk-MuiFormControl-root-MuiTextField-root"
                >
                  <div
                    class="MuiInputBase-root MuiOutlinedInput-root MuiInputBase-colorPrimary MuiInputBase-fullWidth MuiInputBase-formControl css-19kxmhd-MuiInputBase-root-MuiOutlinedInput-root"
                  >
                    <input
                      aria-invalid="false"
                      aria-readonly="false"
                      autocomplete="off"
                      class="MuiInputBase-input MuiOutlinedInput-input css-1thzzby-MuiInputBase-input-MuiOutlinedInput-input"
                      id=":r3:"
                      type="text"
                      value=""
                    />
                    <fieldset
                      aria-hidden="true"
                      class="MuiOutlinedInput-notchedOutline css-1d3z3hw-MuiOutlinedInput-notchedOutline"
                    >
                      <legend
                        class="css-ihdtdm"
                      >
                        <span
                          class="notranslate"
                        >
                          ​
                        </span>
                      </legend>
                    </fieldset>
                  </div>
                </div>
              </div>
            </div>
          </div>
          <div
            class="MuiFormControl-root css-k8zdik-MuiFormControl-root"
          >
            <label
              class="MuiFormLabel-root MuiFormLabel-colorPrimary css-1xtmzjf-MuiFormLabel-root"
            >
              Отчество
            </label>
            <div
              class="MuiBox-root css-eal7pa"
            >
              <div
                class="MuiBox-root css-0"
                data-mui-internal-clone-element="true"
              >
                <div
                  class="MuiFormControl-root MuiFormControl-fullWidth MuiTextField-root css-igw2tk-MuiFormControl-root-MuiTextField-root"
                >
                  <div
                    class="MuiInputBase-root MuiOutlinedInput-root MuiInputBase-colorPrimary MuiInputBase-fullWidth MuiInputBase-formControl css-19kxmhd-MuiInputBase-root-MuiOutlinedInput-root"
                  >
                    <input
                      aria-invalid="false"
                      aria-readonly="false"
                      autocomplete="off"
                      class="MuiInputBase-input MuiOutlinedInput-input css-1thzzby-MuiInputBase-input-MuiOutlinedInput-input"
                      id=":r5:"
                      type="text"
                      value=""
                    />
                    <fieldset
                      aria-hidden="true"
                      class="MuiOutlinedInput-notchedOutline css-1d3z3hw-MuiOutlinedInput-notchedOutline"
                    >
                      <legend
                        class="css-ihdtdm"
                      >
                        <span
                          class="notranslate"
                        >
                          ​
                        </span>
                      </legend>
                    </fieldset>
                  </div>
                </div>
              </div>
            </div>
          </div>
        </fieldset>
        <fieldset
          class="MuiStack-root css-1javh08-MuiStack-root"
        >
          <div
            class="MuiFormControl-root css-k8zdik-MuiFormControl-root"
          >
            <label
              class="MuiFormLabel-root MuiFormLabel-colorPrimary css-1xtmzjf-MuiFormLabel-root"
            >
              Предприятие
            </label>
            <div
              class="MuiBox-root css-eal7pa"
            >
              <div
                class="MuiBox-root css-0"
                data-mui-internal-clone-element="true"
              >
                <div
                  class="MuiFormControl-root MuiFormControl-fullWidth MuiTextField-root css-igw2tk-MuiFormControl-root-MuiTextField-root"
                >
                  <div
                    class="MuiInputBase-root MuiOutlinedInput-root MuiInputBase-colorPrimary MuiInputBase-fullWidth MuiInputBase-formControl css-19kxmhd-MuiInputBase-root-MuiOutlinedInput-root"
                  >
                    <input
                      aria-invalid="false"
                      aria-readonly="false"
                      autocomplete="off"
                      class="MuiInputBase-input MuiOutlinedInput-input css-1thzzby-MuiInputBase-input-MuiOutlinedInput-input"
                      id=":r7:"
                      type="text"
                      value=""
                    />
                    <fieldset
                      aria-hidden="true"
                      class="MuiOutlinedInput-notchedOutline css-1d3z3hw-MuiOutlinedInput-notchedOutline"
                    >
                      <legend
                        class="css-ihdtdm"
                      >
                        <span
                          class="notranslate"
                        >
                          ​
                        </span>
                      </legend>
                    </fieldset>
                  </div>
                </div>
              </div>
            </div>
          </div>
          <div
            class="MuiFormControl-root css-k8zdik-MuiFormControl-root"
          >
            <label
              class="MuiFormLabel-root MuiFormLabel-colorPrimary css-1xtmzjf-MuiFormLabel-root"
            >
              Подразделение
            </label>
            <div
              class="MuiBox-root css-eal7pa"
            >
              <div
                class="MuiBox-root css-0"
                data-mui-internal-clone-element="true"
              >
                <div
                  class="MuiFormControl-root MuiFormControl-fullWidth MuiTextField-root css-igw2tk-MuiFormControl-root-MuiTextField-root"
                >
                  <div
                    class="MuiInputBase-root MuiOutlinedInput-root MuiInputBase-colorPrimary MuiInputBase-fullWidth MuiInputBase-formControl css-19kxmhd-MuiInputBase-root-MuiOutlinedInput-root"
                  >
                    <input
                      aria-invalid="false"
                      aria-readonly="false"
                      autocomplete="off"
                      class="MuiInputBase-input MuiOutlinedInput-input css-1thzzby-MuiInputBase-input-MuiOutlinedInput-input"
                      id=":r9:"
                      type="text"
                      value=""
                    />
                    <fieldset
                      aria-hidden="true"
                      class="MuiOutlinedInput-notchedOutline css-1d3z3hw-MuiOutlinedInput-notchedOutline"
                    >
                      <legend
                        class="css-ihdtdm"
                      >
                        <span
                          class="notranslate"
                        >
                          ​
                        </span>
                      </legend>
                    </fieldset>
                  </div>
                </div>
              </div>
            </div>
          </div>
          <div
            class="MuiFormControl-root css-k8zdik-MuiFormControl-root"
          >
            <label
              class="MuiFormLabel-root MuiFormLabel-colorPrimary css-1xtmzjf-MuiFormLabel-root"
            >
              Должность
            </label>
            <div
              class="MuiBox-root css-eal7pa"
            >
              <div
                class="MuiBox-root css-0"
                data-mui-internal-clone-element="true"
              >
                <div
                  class="MuiFormControl-root MuiFormControl-fullWidth MuiTextField-root css-igw2tk-MuiFormControl-root-MuiTextField-root"
                >
                  <div
                    class="MuiInputBase-root MuiOutlinedInput-root MuiInputBase-colorPrimary MuiInputBase-fullWidth MuiInputBase-formControl css-19kxmhd-MuiInputBase-root-MuiOutlinedInput-root"
                  >
                    <input
                      aria-invalid="false"
                      aria-readonly="false"
                      autocomplete="off"
                      class="MuiInputBase-input MuiOutlinedInput-input css-1thzzby-MuiInputBase-input-MuiOutlinedInput-input"
                      id=":rb:"
                      type="text"
                      value=""
                    />
                    <fieldset
                      aria-hidden="true"
                      class="MuiOutlinedInput-notchedOutline css-1d3z3hw-MuiOutlinedInput-notchedOutline"
                    >
                      <legend
                        class="css-ihdtdm"
                      >
                        <span
                          class="notranslate"
                        >
                          ​
                        </span>
                      </legend>
                    </fieldset>
                  </div>
                </div>
              </div>
            </div>
          </div>
        </fieldset>
      </fieldset>
      <fieldset
        class="MuiStack-root css-106nt1m-MuiStack-root"
      >
        <legend
          class="MuiTypography-root MuiTypography-h5 MuiTypography-gutterBottom css-xgouly-MuiTypography-root"
        >
          <div
            class="MuiStack-root css-13tplj0-MuiStack-root"
          >
            Контакты
          </div>
        </legend>
        <fieldset
          class="MuiStack-root css-1javh08-MuiStack-root"
        >
          <div
            class="MuiFormControl-root css-k8zdik-MuiFormControl-root"
          >
            <label
              class="MuiFormLabel-root MuiFormLabel-colorPrimary Mui-required css-1xtmzjf-MuiFormLabel-root"
            >
              E-mail
              <span
                aria-hidden="true"
                class="MuiFormLabel-asterisk css-ylp2hm-MuiFormLabel-asterisk"
              >
                 
                *
              </span>
            </label>
            <div
              class="MuiBox-root css-eal7pa"
            >
              <div
                class="MuiBox-root css-0"
                data-mui-internal-clone-element="true"
              >
                <div
                  class="MuiFormControl-root MuiFormControl-fullWidth MuiTextField-root css-igw2tk-MuiFormControl-root-MuiTextField-root"
                >
                  <div
                    class="MuiInputBase-root MuiOutlinedInput-root MuiInputBase-colorPrimary MuiInputBase-fullWidth MuiInputBase-formControl css-19kxmhd-MuiInputBase-root-MuiOutlinedInput-root"
                  >
                    <input
                      aria-invalid="false"
                      aria-readonly="false"
                      autocomplete="email"
                      class="MuiInputBase-input MuiOutlinedInput-input css-1thzzby-MuiInputBase-input-MuiOutlinedInput-input"
                      id=":rd:"
                      type="email"
                      value=""
                    />
                    <fieldset
                      aria-hidden="true"
                      class="MuiOutlinedInput-notchedOutline css-1d3z3hw-MuiOutlinedInput-notchedOutline"
                    >
                      <legend
                        class="css-ihdtdm"
                      >
                        <span
                          class="notranslate"
                        >
                          ​
                        </span>
                      </legend>
                    </fieldset>
                  </div>
                </div>
              </div>
            </div>
          </div>
        </fieldset>
        <fieldset
          class="MuiStack-root css-1javh08-MuiStack-root"
        >
          <div
            class="MuiFormControl-root css-k8zdik-MuiFormControl-root"
          >
            <label
              class="MuiFormLabel-root MuiFormLabel-colorPrimary css-1xtmzjf-MuiFormLabel-root"
            >
              Номер телефона
            </label>
            <div
              class="MuiBox-root css-eal7pa"
            >
              <div
                class="MuiBox-root css-0"
                data-mui-internal-clone-element="true"
              >
                <div
                  class="MuiFormControl-root MuiFormControl-fullWidth MuiTextField-root MuiTelInput-TextField css-igw2tk-MuiFormControl-root-MuiTextField-root"
                >
                  <div
                    class="MuiInputBase-root MuiOutlinedInput-root MuiInputBase-colorPrimary MuiInputBase-fullWidth MuiInputBase-formControl MuiInputBase-adornedStart css-1yk17tg-MuiInputBase-root-MuiOutlinedInput-root"
                  >
                    <div
                      class="MuiInputAdornment-root MuiInputAdornment-positionStart MuiInputAdornment-outlined MuiInputAdornment-sizeMedium css-74b6xz-MuiInputAdornment-root"
                    >
                      <span
                        class="notranslate"
                      >
                        ​
                      </span>
                      <button
                        aria-expanded="false"
                        aria-haspopup="listbox"
                        aria-label="Select country"
                        class="MuiButtonBase-root MuiIconButton-root MuiIconButton-sizeMedium MuiTelInput-IconButton css-10o7c2b-MuiButtonBase-root-MuiIconButton-root"
                        tabindex="0"
                        type="button"
                      >
                        <span
                          class="MuiTelInput-Flag css-70qvj9"
                          data-testid="RU"
                        >
                          <img
                            alt="Russia"
                            class="MuiTelInput-FlagImg"
                            loading="lazy"
                            src="https://flagcdn.com/w40/ru.webp"
                            width="26"
                          />
                        </span>
                      </button>
                    </div>
                    <input
                      aria-invalid="false"
                      class="MuiInputBase-input MuiOutlinedInput-input MuiInputBase-inputAdornedStart css-z0ts0m-MuiInputBase-input-MuiOutlinedInput-input"
                      id=":rf:"
                      type="tel"
                      value="+7"
                    />
                    <fieldset
                      aria-hidden="true"
                      class="MuiOutlinedInput-notchedOutline css-1d3z3hw-MuiOutlinedInput-notchedOutline"
                    >
                      <legend
                        class="css-ihdtdm"
                      >
                        <span
                          class="notranslate"
                        >
                          ​
                        </span>
                      </legend>
                    </fieldset>
                  </div>
                </div>
              </div>
            </div>
          </div>
        </fieldset>
      </fieldset>
      <fieldset
        class="MuiStack-root css-106nt1m-MuiStack-root"
      >
        <legend
          class="MuiTypography-root MuiTypography-h5 MuiTypography-gutterBottom css-xgouly-MuiTypography-root"
        >
          <div
            class="MuiStack-root css-13tplj0-MuiStack-root"
          >
            Системные данные
          </div>
        </legend>
        <fieldset
          class="MuiStack-root css-1javh08-MuiStack-root"
        >
          <div
            class="MuiFormControl-root css-k8zdik-MuiFormControl-root"
          >
            <label
              class="MuiFormLabel-root MuiFormLabel-colorPrimary css-1xtmzjf-MuiFormLabel-root"
            >
              Дата регистрации
            </label>
            <div
              class="MuiBox-root css-eal7pa"
            >
              <div
                class="MuiFormControl-root MuiFormControl-fullWidth MuiTextField-root css-1mh8opi-MuiFormControl-root-MuiTextField-root"
              >
                <div
                  class="MuiInputBase-root MuiOutlinedInput-root MuiInputBase-colorPrimary MuiInputBase-fullWidth MuiInputBase-formControl MuiInputBase-sizeSmall MuiInputBase-adornedEnd Mui-readOnly MuiInputBase-readOnly css-iwzgqv-MuiInputBase-root-MuiOutlinedInput-root"
                >
                  <input
                    aria-invalid="false"
                    autocomplete="off"
                    class="MuiInputBase-input MuiOutlinedInput-input MuiInputBase-inputSizeSmall MuiInputBase-inputAdornedEnd Mui-readOnly MuiInputBase-readOnly css-1u6kppm-MuiInputBase-input-MuiOutlinedInput-input"
                    id=":rg:"
                    inputmode="text"
                    placeholder="ДД.ММ.ГГГГ чч:мм"
                    readonly=""
                    type="text"
                    value=""
                  />
                  <div
                    class="MuiInputAdornment-root MuiInputAdornment-positionEnd MuiInputAdornment-outlined MuiInputAdornment-sizeSmall css-1cj4z8e-MuiInputAdornment-root"
                  >
                    <button
                      aria-label="Выберите дату"
                      class="MuiButtonBase-root Mui-disabled MuiIconButton-root Mui-disabled MuiIconButton-edgeEnd MuiIconButton-sizeSmall css-1x2tsee-MuiButtonBase-root-MuiIconButton-root"
                      disabled=""
                      tabindex="-1"
                      type="button"
                    >
                      <svg
                        aria-hidden="true"
                        class="MuiSvgIcon-root MuiSvgIcon-fontSizeMedium css-i4bv87-MuiSvgIcon-root"
                        data-testid="CalendarIcon"
                        focusable="false"
                        viewBox="0 0 24 24"
                      >
                        <path
                          d="M17 12h-5v5h5v-5zM16 1v2H8V1H6v2H5c-1.11 0-1.99.9-1.99 2L3 19c0 1.1.89 2 2 2h14c1.1 0 2-.9 2-2V5c0-1.1-.9-2-2-2h-1V1h-2zm3 18H5V8h14v11z"
                        />
                      </svg>
                    </button>
                  </div>
                  <fieldset
                    aria-hidden="true"
                    class="MuiOutlinedInput-notchedOutline css-1d3z3hw-MuiOutlinedInput-notchedOutline"
                  >
                    <legend
                      class="css-ihdtdm"
                    >
                      <span
                        class="notranslate"
                      >
                        ​
                      </span>
                    </legend>
                  </fieldset>
                </div>
              </div>
            </div>
          </div>
          <div
            class="MuiFormControl-root css-k8zdik-MuiFormControl-root"
          >
            <label
              class="MuiFormLabel-root MuiFormLabel-colorPrimary css-1xtmzjf-MuiFormLabel-root"
            >
              Дата последнего входа
            </label>
            <div
              class="MuiBox-root css-eal7pa"
            >
              <div
                class="MuiFormControl-root MuiFormControl-fullWidth MuiTextField-root css-1mh8opi-MuiFormControl-root-MuiTextField-root"
              >
                <div
                  class="MuiInputBase-root MuiOutlinedInput-root MuiInputBase-colorPrimary MuiInputBase-fullWidth MuiInputBase-formControl MuiInputBase-sizeSmall MuiInputBase-adornedEnd Mui-readOnly MuiInputBase-readOnly css-iwzgqv-MuiInputBase-root-MuiOutlinedInput-root"
                >
                  <input
                    aria-invalid="false"
                    autocomplete="off"
                    class="MuiInputBase-input MuiOutlinedInput-input MuiInputBase-inputSizeSmall MuiInputBase-inputAdornedEnd Mui-readOnly MuiInputBase-readOnly css-1u6kppm-MuiInputBase-input-MuiOutlinedInput-input"
                    id=":ri:"
                    inputmode="text"
                    placeholder="ДД.ММ.ГГГГ чч:мм"
                    readonly=""
                    type="text"
                    value=""
                  />
                  <div
                    class="MuiInputAdornment-root MuiInputAdornment-positionEnd MuiInputAdornment-outlined MuiInputAdornment-sizeSmall css-1cj4z8e-MuiInputAdornment-root"
                  >
                    <button
                      aria-label="Выберите дату"
                      class="MuiButtonBase-root Mui-disabled MuiIconButton-root Mui-disabled MuiIconButton-edgeEnd MuiIconButton-sizeSmall css-1x2tsee-MuiButtonBase-root-MuiIconButton-root"
                      disabled=""
                      tabindex="-1"
                      type="button"
                    >
                      <svg
                        aria-hidden="true"
                        class="MuiSvgIcon-root MuiSvgIcon-fontSizeMedium css-i4bv87-MuiSvgIcon-root"
                        data-testid="CalendarIcon"
                        focusable="false"
                        viewBox="0 0 24 24"
                      >
                        <path
                          d="M17 12h-5v5h5v-5zM16 1v2H8V1H6v2H5c-1.11 0-1.99.9-1.99 2L3 19c0 1.1.89 2 2 2h14c1.1 0 2-.9 2-2V5c0-1.1-.9-2-2-2h-1V1h-2zm3 18H5V8h14v11z"
                        />
                      </svg>
                    </button>
                  </div>
                  <fieldset
                    aria-hidden="true"
                    class="MuiOutlinedInput-notchedOutline css-1d3z3hw-MuiOutlinedInput-notchedOutline"
                  >
                    <legend
                      class="css-ihdtdm"
                    >
                      <span
                        class="notranslate"
                      >
                        ​
                      </span>
                    </legend>
                  </fieldset>
                </div>
              </div>
            </div>
          </div>
          <div
            class="MuiFormControl-root css-k8zdik-MuiFormControl-root"
          >
            <label
              class="MuiFormLabel-root MuiFormLabel-colorPrimary css-1xtmzjf-MuiFormLabel-root"
            >
              IP-адрес последнего входа
            </label>
            <div
              class="MuiBox-root css-eal7pa"
            >
              <div
                class="MuiFormControl-root MuiFormControl-fullWidth MuiTextField-root css-igw2tk-MuiFormControl-root-MuiTextField-root"
              >
                <div
                  class="MuiInputBase-root MuiOutlinedInput-root MuiInputBase-colorPrimary MuiInputBase-fullWidth MuiInputBase-formControl css-19kxmhd-MuiInputBase-root-MuiOutlinedInput-root"
                >
                  <input
                    aria-invalid="false"
                    aria-readonly="true"
                    autocomplete="off"
                    class="MuiInputBase-input MuiOutlinedInput-input css-1thzzby-MuiInputBase-input-MuiOutlinedInput-input"
                    id=":rk:"
                    readonly=""
                    type="text"
                    value=""
                  />
                  <fieldset
                    aria-hidden="true"
                    class="MuiOutlinedInput-notchedOutline css-1d3z3hw-MuiOutlinedInput-notchedOutline"
                  >
                    <legend
                      class="css-ihdtdm"
                    >
                      <span
                        class="notranslate"
                      >
                        ​
                      </span>
                    </legend>
                  </fieldset>
                </div>
              </div>
            </div>
          </div>
          <div
            class="MuiFormControl-root css-k8zdik-MuiFormControl-root"
            hidden=""
          >
            <label
              class="MuiFormLabel-root MuiFormLabel-colorPrimary css-1xtmzjf-MuiFormLabel-root"
            >
              Состояние
            </label>
            <div
              class="MuiBox-root css-eal7pa"
            >
              <div
                class="MuiFormControl-root MuiFormControl-fullWidth MuiTextField-root css-igw2tk-MuiFormControl-root-MuiTextField-root"
              >
                <div
                  class="MuiInputBase-root MuiOutlinedInput-root MuiInputBase-colorPrimary MuiInputBase-fullWidth MuiInputBase-formControl css-19kxmhd-MuiInputBase-root-MuiOutlinedInput-root"
                >
                  <input
                    aria-invalid="false"
                    aria-readonly="true"
                    autocomplete="off"
                    class="MuiInputBase-input MuiOutlinedInput-input css-1thzzby-MuiInputBase-input-MuiOutlinedInput-input"
                    id=":rl:"
                    readonly=""
                    type="text"
                    value="Нет данных"
                  />
                  <fieldset
                    aria-hidden="true"
                    class="MuiOutlinedInput-notchedOutline css-1d3z3hw-MuiOutlinedInput-notchedOutline"
                  >
                    <legend
                      class="css-ihdtdm"
                    >
                      <span
                        class="notranslate"
                      >
                        ​
                      </span>
                    </legend>
                  </fieldset>
                </div>
              </div>
            </div>
          </div>
        </fieldset>
      </fieldset>
      <div
        class="MuiStack-root css-chek0q-MuiStack-root"
      >
        <button
          class="MuiButtonBase-root MuiButton-root MuiLoadingButton-root MuiButton-outlined MuiButton-outlinedSecondary MuiButton-sizeMedium MuiButton-outlinedSizeMedium MuiButton-colorSecondary MuiButton-disableElevation MuiButton-root MuiLoadingButton-root MuiButton-outlined MuiButton-outlinedSecondary MuiButton-sizeMedium MuiButton-outlinedSizeMedium MuiButton-colorSecondary MuiButton-disableElevation css-wg7wa7-MuiButtonBase-root-MuiButton-root-MuiLoadingButton-root"
          id=":rm:"
          tabindex="0"
          type="button"
        >
          Изменить пароль
        </button>
        <button
          class="MuiButtonBase-root MuiButton-root MuiLoadingButton-root MuiButton-contained MuiButton-containedPrimary MuiButton-sizeMedium MuiButton-containedSizeMedium MuiButton-colorPrimary MuiButton-disableElevation MuiButton-root MuiLoadingButton-root MuiButton-contained MuiButton-containedPrimary MuiButton-sizeMedium MuiButton-containedSizeMedium MuiButton-colorPrimary MuiButton-disableElevation css-83fcih-MuiButtonBase-root-MuiButton-root-MuiLoadingButton-root"
          id=":rn:"
          tabindex="0"
          type="submit"
        >
          Сохранить
        </button>
      </div>
    </form>
    <div
      aria-hidden="true"
      class="MuiBackdrop-root css-megsf6-MuiBackdrop-root"
      style="opacity: 0; visibility: hidden;"
    >
      <div
        class="MuiStack-root css-19rwzzo-MuiStack-root"
      >
        <span
          class="MuiCircularProgress-root MuiCircularProgress-indeterminate MuiCircularProgress-colorPrimary css-82r84f-MuiCircularProgress-root"
          role="progressbar"
          style="width: 40px; height: 40px;"
        >
          <svg
            class="MuiCircularProgress-svg css-1idz92c-MuiCircularProgress-svg"
            viewBox="22 22 44 44"
          >
            <circle
              class="MuiCircularProgress-circle MuiCircularProgress-circleIndeterminate MuiCircularProgress-circleDisableShrink css-79nvmn-MuiCircularProgress-circle"
              cx="44"
              cy="44"
              fill="none"
              r="20.2"
              stroke-width="3.6"
            />
          </svg>
        </span>
        <p
          class="MuiTypography-root MuiTypography-body1 MuiTypography-gutterBottom css-1oh53cw-MuiTypography-root"
        >
          Загрузка...
        </p>
      </div>
    </div>
  </div>
</div>
`;
