// Vitest Snapshot v1, https://vitest.dev/guide/snapshot.html

exports[`Header > renders the header correctly 1`] = `
<div
  data-testid="appContainer"
>
  <header
    class="css-rdayrw"
  >
    <div
      class="MuiBox-root css-132diu7"
    >
      <a
        href="/plan"
      >
        <img
          alt="КГНЦ"
          src="/src/assets/logo/logo-small.svg"
        />
      </a>
    </div>
    <nav
      class="css-1wlw5c9"
    >
      <a
        class="css-1o7hvjg"
        href="/plan"
      >
        Текущая программа строительства
      </a>
      <a
        class="css-1o7hvjg"
        href="/future"
      >
        Перспективные потребности
      </a>
      <a
        class="css-1o7hvjg"
        href="/tasks-tree"
      >
        Дерево решений
      </a>
      <a
        class="css-1o7hvjg"
        href="/factories"
      >
        Карточки заводов
      </a>
      <a
        class="css-1o7hvjg"
        href="/classifier"
      >
        Классификаторы
      </a>
      <a
        class="css-1o7hvjg"
        href="/admin"
      >
        Администрирование
      </a>
      <a
        class="css-1o7hvjg"
        href="/reports"
      >
        Отчеты
      </a>
    </nav>
    <div
      class="MuiBox-root css-18j51vt"
    >
      <a
        class="css-1n1ivqf"
        download=""
        href="/Help.pdf"
        target="_blank"
      >
        <b
          class="css-18568zw"
        >
          ?
        </b>
      </a>
    </div>
    <button
      aria-expanded="false"
      aria-haspopup="true"
      class="MuiButtonBase-root MuiButton-root MuiLoadingButton-root MuiButton-text MuiButton-textPrimary MuiButton-sizeMedium MuiButton-textSizeMedium MuiButton-colorPrimary MuiButton-disableElevation MuiButton-root MuiLoadingButton-root MuiButton-text MuiButton-textPrimary MuiButton-sizeMedium MuiButton-textSizeMedium MuiButton-colorPrimary MuiButton-disableElevation  css-1qm1klz-MuiButtonBase-root-MuiButton-root-MuiLoadingButton-root"
      id=":r0:"
      tabindex="0"
      type="button"
    >
      <div
        class="MuiStack-root css-1rlitzi-MuiStack-root"
      >
        <div
          class="MuiStack-root css-163ljxj-MuiStack-root"
        >
          <div
            class="MuiAvatar-root MuiAvatar-circular MuiAvatar-colorDefault css-jy59ac-MuiAvatar-root"
            color="secondary"
          >
            <svg
              aria-hidden="true"
              class="MuiSvgIcon-root MuiSvgIcon-fontSizeMedium css-i4bv87-MuiSvgIcon-root"
              data-testid="PersonOutlineOutlinedIcon"
              focusable="false"
              viewBox="0 0 24 24"
            >
              <path
                d="M12 5.9c1.16 0 2.1.94 2.1 2.1s-.94 2.1-2.1 2.1S9.9 9.16 9.9 8s.94-2.1 2.1-2.1m0 9c2.97 0 6.1 1.46 6.1 2.1v1.1H5.9V17c0-.64 3.13-2.1 6.1-2.1M12 4C9.79 4 8 5.79 8 8s1.79 4 4 4 4-1.79 4-4-1.79-4-4-4m0 9c-2.67 0-8 1.34-8 4v3h16v-3c0-2.66-5.33-4-8-4"
              />
            </svg>
          </div>
        </div>
        <svg
          aria-hidden="true"
          class="MuiSvgIcon-root MuiSvgIcon-fontSizeMedium css-1e3x312-MuiSvgIcon-root"
          data-testid="ExpandMoreRoundedIcon"
          focusable="false"
          stroke="currentColor"
          stroke-width="0.3"
          viewBox="0 0 24 24"
        >
          <path
            d="M15.88 9.29 12 13.17 8.12 9.29a.9959.9959 0 0 0-1.41 0c-.39.39-.39 1.02 0 1.41l4.59 4.59c.39.39 1.02.39 1.41 0l4.59-4.59c.39-.39.39-1.02 0-1.41-.39-.38-1.03-.39-1.42 0"
          />
        </svg>
      </div>
    </button>
  </header>
</div>
`;
